// Jest Snapshot v1, https://goo.gl/fbAQLP

exports[`Input Component should match snapshot 1`] = `
<div>
  <div
    class="satori-input-wrapper satori-input-wrapper--md satori-input-wrapper--outline"
  >
    <label
      class="satori-input-label"
      for=":rf:"
    >
      Basic Input
    </label>
    <div
      class="satori-input-container"
    >
      <input
        aria-invalid="false"
        aria-required="false"
        class="satori-input touch-target"
        id=":rf:"
        placeholder="Basic"
      />
    </div>
  </div>
  <div
    class="satori-input-wrapper satori-input-wrapper--md satori-input-wrapper--outline satori-input-wrapper--error satori-input-wrapper--required"
  >
    <label
      class="satori-input-label"
      for=":rg:"
    >
      Advanced Input
      <span
        aria-label="required"
        class="satori-input-label__required"
      >
        *
      </span>
    </label>
    <div
      class="satori-input-container"
    >
      <input
        aria-describedby=":rg:-error"
        aria-invalid="true"
        aria-required="true"
        class="satori-input touch-target"
        id=":rg:"
        prefix="@"
        suffix=".com"
        type="email"
      />
    </div>
    <div
      aria-live="polite"
      class="satori-input-message satori-input-message--error error-message"
      id=":rg:-error"
      role="alert"
    >
      Invalid email
    </div>
  </div>
  <div
    class="satori-input-wrapper satori-input-wrapper--md satori-input-wrapper--outline satori-input-wrapper--disabled"
  >
    <div
      class="satori-input-container"
    >
      <input
        aria-disabled="true"
        aria-invalid="false"
        aria-required="false"
        class="satori-input touch-target"
        disabled=""
        id=":rh:"
        placeholder="Disabled"
      />
    </div>
  </div>
  <div
    class="satori-input-wrapper satori-input-wrapper--md satori-input-wrapper--outline satori-input-wrapper--loading"
  >
    <div
      class="satori-input-container"
    >
      <input
        aria-invalid="false"
        aria-required="false"
        class="satori-input touch-target"
        id=":ri:"
        placeholder="Loading"
      />
      <div
        aria-hidden="true"
        class="satori-input-icon satori-input-icon--right"
      >
        <svg
          aria-hidden="true"
          class="svg-inline--fa fa-spinner satori-input-icon--spinning"
          data-icon="spinner"
          data-prefix="fas"
          focusable="false"
          role="img"
          viewBox="0 0 512 512"
          xmlns="http://www.w3.org/2000/svg"
        >
          <path
            d="M304 48a48 48 0 1 0 -96 0 48 48 0 1 0 96 0zm0 416a48 48 0 1 0 -96 0 48 48 0 1 0 96 0zM48 304a48 48 0 1 0 0-96 48 48 0 1 0 0 96zm464-48a48 48 0 1 0 -96 0 48 48 0 1 0 96 0zM142.9 437A48 48 0 1 0 75 369.1 48 48 0 1 0 142.9 437zm0-294.2A48 48 0 1 0 75 75a48 48 0 1 0 67.9 67.9zM369.1 437A48 48 0 1 0 437 369.1 48 48 0 1 0 369.1 437z"
            fill="currentColor"
          />
        </svg>
      </div>
    </div>
  </div>
</div>
`;
