// Jest Snapshot v1, https://goo.gl/fbAQLP

exports[`Card Component should match snapshot 1`] = `
<div>
  <div
    class="satori-card satori-card--padding-md satori-card--shadow-sm satori-card--border"
  >
    <p>
      Basic content
    </p>
  </div>
  <div
    class="satori-card satori-card--padding-md satori-card--shadow-sm satori-card--border"
  >
    <p>
      Advanced content
    </p>
  </div>
  <div
    class="satori-card satori-card--padding-md satori-card--shadow-sm satori-card--border"
  />
</div>
`;
